// Jest Snapshot v1, https://goo.gl/fbAQLP

exports[`Themes spec should render proper 1`] = `
<div
  class="sc-bdfBwQ cccArU"
>
  <div
    class="sc-gsTCUz hwEMSL"
  />
  <div
    class="sc-dlfnbm jrWvId"
  >
    |
  </div>
</div>
`;
